
> distress-sale-app@0.1.0 build
> react-scripts build

node.exe : (node:20472) 
[DEP0176] DeprecationWarning: 
fs.F_OK is deprecated, use 
fs.constants.F_OK instead
At line:1 char:1
+ & "C:\Program 
Files\nodejs/node.exe" 
"C:\Program 
Files\nodejs/node_mo ...
+ ~~~~~~~~~~~~~~~~~~~~~~~~~~~~
~~~~~~~~~~~~~~~~~~~~~~~~~~~~~~
~~~~~~~~~~~
    + CategoryInfo          : 
    NotSpecified: ((node:204  
  72) [D...ts.F_OK instead:   
 String) [], RemoteExcepti    
on
    + FullyQualifiedErrorId : 
    NativeCommandError
 
(Use `node 
--trace-deprecation ...` to 
show where the warning was 
created)
Creating an optimized production build...
Failed to compile.

Syntax error: D:\distress-sale-app\src\styles\index.css The `bg-earth-50` class does not exist. If `bg-earth-50` is a custom class, make sure it is defined within a `@layer` directive. (1:1)
[1m[31m>[39m[22m[90m 1 | [39m[36m@tailwind[39m base[33m;[39m
 [90m   | [39m[1m[31m^[39m[22m
 [90m 2 | [39m[36m@tailwind[39m components[33m;[39m
 [90m 3 | [39m[36m@tailwind[39m utilities[33m;[39m


